// Jest Snapshot v1, https://goo.gl/fbAQLP

exports[`JSON schema creation with abstract types json schema creation 1`] = `
Object {
  "properties": Object {
    "data": Object {
      "properties": Object {
        "u": Object {
          "properties": Object {},
          "type": Array [
            "object",
            "null",
          ],
        },
      },
      "type": Array [
        "object",
        "null",
      ],
    },
    "errors": Object {
      "items": Object {
        "additionalProperties": true,
        "properties": Object {
          "locations": Object {
            "items": Object {
              "properties": Object {
                "column": Object {
                  "type": "number",
                },
                "line": Object {
                  "type": "number",
                },
              },
              "type": "object",
            },
            "type": "array",
          },
          "message": Object {
            "type": "string",
          },
          "path": Object {
            "items": Object {
              "type": Array [
                "string",
                "number",
              ],
            },
            "type": "array",
          },
        },
        "type": "object",
      },
      "type": "array",
    },
  },
  "type": "object",
}
`;

exports[`json schema creator json schema creation 1`] = `
Object {
  "properties": Object {
    "data": Object {
      "properties": Object {
        "article": Object {
          "properties": Object {
            "author": Object {
              "properties": Object {
                "id": Object {
                  "type": "string",
                },
                "name": Object {
                  "type": Array [
                    "string",
                    "null",
                  ],
                },
                "pic": Object {
                  "properties": Object {
                    "height": Object {
                      "type": Array [
                        "integer",
                        "null",
                      ],
                    },
                    "url": Object {
                      "type": Array [
                        "string",
                        "null",
                      ],
                    },
                    "width": Object {
                      "type": Array [
                        "integer",
                        "null",
                      ],
                    },
                  },
                  "type": Array [
                    "object",
                    "null",
                  ],
                },
                "recentArticle": Object {
                  "properties": Object {
                    "body": Object {
                      "type": Array [
                        "string",
                        "null",
                      ],
                    },
                    "id": Object {
                      "type": "string",
                    },
                    "isPublished": Object {
                      "type": Array [
                        "boolean",
                        "null",
                      ],
                    },
                    "title": Object {
                      "type": Array [
                        "string",
                        "null",
                      ],
                    },
                  },
                  "type": Array [
                    "object",
                    "null",
                  ],
                },
              },
              "type": "object",
            },
            "body": Object {
              "type": Array [
                "string",
                "null",
              ],
            },
            "id": Object {
              "type": "string",
            },
            "isPublished": Object {
              "type": Array [
                "boolean",
                "null",
              ],
            },
            "title": Object {
              "type": Array [
                "string",
                "null",
              ],
            },
          },
          "type": Array [
            "object",
            "null",
          ],
        },
        "feed": Object {
          "items": Object {
            "properties": Object {
              "id": Object {
                "type": "string",
              },
              "title": Object {
                "type": Array [
                  "string",
                  "null",
                ],
              },
            },
            "type": Array [
              "object",
              "null",
            ],
          },
          "type": Array [
            "array",
            "null",
          ],
        },
      },
      "type": Array [
        "object",
        "null",
      ],
    },
    "errors": Object {
      "items": Object {
        "additionalProperties": true,
        "properties": Object {
          "locations": Object {
            "items": Object {
              "properties": Object {
                "column": Object {
                  "type": "number",
                },
                "line": Object {
                  "type": "number",
                },
              },
              "type": "object",
            },
            "type": "array",
          },
          "message": Object {
            "type": "string",
          },
          "path": Object {
            "items": Object {
              "type": Array [
                "string",
                "number",
              ],
            },
            "type": "array",
          },
        },
        "type": "object",
      },
      "type": "array",
    },
  },
  "type": "object",
}
`;
